
> frontend@0.1.0 build
> react-scripts build

Creating an optimized production build...
node.exe : 
Browserslist: 
caniuse-lite is 
outdated. Please run:
At line:1 char:1
+ & "C:\Program Files\
nodejs/node.exe" 
"C:\Program 
Files\nodejs/node_mo 
...
+ ~~~~~~~~~~~~~~~~~~~~
~~~~~~~~~~~~~~~~~~~~~~
~~~~~~~~~~~~~~~~~~~~~~
~~~~~
    + CategoryInfo    
          : NotSpeci  
  fied: (Browsersli   
 st: c...ed. Pleas    
e run::String) []    
, RemoteException
    + FullyQualifiedE 
   rrorId : NativeCo  
  mmandError
 
  npx update-browsersl
ist-db@latest
  Why you should do 
it regularly: https://
github.com/browserslis
t/update-db#readme
Browserslist: 
caniuse-lite is 
outdated. Please run:
  npx update-browsersl
ist-db@latest
  Why you should do 
it regularly: https://
github.com/browserslis
t/update-db#readme

Treating warnings as errors because process.env.CI = true.
Most CI servers set it automatically.

Failed to compile.

[eslint] 
src\components\Admin\AllWithdraw.jsx
  Line 4:10:  'Link' is defined but never used  no-unused-vars

src\components\OilRecommendation.jsx
  Line 28:13:  'match' is assigned a value but never used  no-unused-vars

src\components\Profile\ProfileSidebar.jsx
  Line 7:3:  'MdOutlinePassword' is defined but never used  no-unused-vars

src\components\Shop\DashboardHero.jsx
  Line 1:28:  'useState' is defined but never used  no-unused-vars

src\components\Shop\DashboardMessages.jsx
  Line 5:10:    'useDispatch' is defined but never used                                                                    no-unused-vars
  Line 25:10:   'images' is assigned a value but never used                                                                no-unused-vars
  Line 275:53:  Expected '!==' and instead saw '!='                                                                        eqeqeq
  Line 377:19:  img elements must have an alt prop, either with meaningful text, or an empty string for decorative images  jsx-a11y/alt-text

src\components\Shop\OrderDetails.jsx
  Line 13:19:  'isLoading' is assigned a value but never used  no-unused-vars

src\components\Shop\ShopLogin.jsx
  Line 1:17:  'useEffect' is defined but never used  no-unused-vars

src\components\Wishlist\Wishlist.jsx
  Line 73:17:  'setValue' is assigned a value but never used  no-unused-vars

src\pages\ActivationPage.jsx
  Line 27:6:  React Hook useEffect has a missing dependency: 'activation_token'. Either include it or remove the dependency array  react-hooks/exhaustive-deps

src\pages\AdminDashboardOrders.jsx
  Line 11:24:  'adminOrderLoading' is assigned a value but never used                                                       no-unused-vars
  Line 17:6:   React Hook useEffect has a missing dependency: 'dispatch'. Either include it or remove the dependency array  react-hooks/exhaustive-deps

src\pages\BestSellingPage.jsx
  Line 3:10:  'useSearchParams' is defined but never used  no-unused-vars

src\pages\HomePage.jsx
  Line 8:8:  'Sponsored' is defined but never used  no-unused-vars

src\pages\ProductDetailsPage.jsx
  Line 25:6:  React Hook useEffect has missing dependencies: 'eventData' and 'id'. Either include them or remove the dependency array  react-hooks/exhaustive-deps

src\pages\ProductsPage.jsx
  Line 26:6:  React Hook useEffect has a missing dependency: 'categoryData'. Either include it or remove the dependency array  react-hooks/exhaustive-deps

src\pages\ShopCreate.jsx
  Line 14:6:  React Hook useEffect has missing dependencies: 'isSeller', 'navigate', and 'seller._id'. Either include them or remove the dependency array  react-hooks/exhaustive-deps

src\pages\ShopLoginPage.jsx
  Line 14:6:  React Hook useEffect has a missing dependency: 'navigate'. Either include it or remove the dependency array  react-hooks/exhaustive-deps

src\pages\Shop\ShopDashboardPage.jsx
  Line 10:9:  'dispatch' is assigned a value but never used  no-unused-vars


